// Vitest Snapshot v1, https://vitest.dev/guide/snapshot.html

exports[`RoutineSummary > renders correctly 1`] = `
<div>
  <div
    class="grid grid-cols-1 gap-4 md:grid-cols-2 lg:grid-cols-3"
  />
</div>
`;
