// Vitest Snapshot v1, https://vitest.dev/guide/snapshot.html

exports[`TaskSwitch > renders correctly 1`] = `
<div>
  <span>
    Test Task
  </span>
  <button
    aria-checked="false"
    class="group inline-flex h-6 w-11 items-center rounded-full bg-gray-200 transition data-[checked]:bg-pink-600"
    data-headlessui-state=""
    data-testid="task-1-switch"
    id="headlessui-switch-:r0:"
    role="switch"
    tabindex="0"
    type="button"
  >
    <span
      class="size-4 translate-x-1 rounded-full bg-white transition group-data-[checked]:translate-x-6"
    />
  </button>
</div>
`;
